#-----------------------------------------------------------
# Vivado v2019.1 (64-bit)
# SW Build 2552052 on Fri May 24 14:49:42 MDT 2019
# IP Build 2548770 on Fri May 24 18:01:18 MDT 2019
# Start of session at: Fri Nov 15 11:57:25 2019
# Process ID: 13776
# Current directory: C:/Users/uldrensov/Desktop/COMPE470L_PROJ
# Command line: vivado.exe -gui_launcher_event rodinguilauncherevent2844 C:\Users\uldrensov\Desktop\COMPE470L_PROJ\COMPE470L_PROJ.xpr
# Log file: C:/Users/uldrensov/Desktop/COMPE470L_PROJ/vivado.log
# Journal file: C:/Users/uldrensov/Desktop/COMPE470L_PROJ\vivado.jou
#-----------------------------------------------------------
start_gui
open_project C:/Users/uldrensov/Desktop/COMPE470L_PROJ/COMPE470L_PROJ.xpr
update_compile_order -fileset sources_1
update_module_reference design_1_VAL_0_0
update_module_reference design_1_MAIN_LOGIC_0_1
startgroup
connect_bd_net [get_bd_pins MAIN_LOGIC_0/state] [get_bd_pins VAL_0/state]
endgroup
connect_bd_net [get_bd_pins MAIN_LOGIC_0/SEED] [get_bd_pins VAL_0/SEED]
regenerate_bd_layout
validate_bd_design
save_bd_design
update_module_reference design_1_MAIN_LOGIC_0_1
reset_run synth_1
launch_runs synth_1 -jobs 4
wait_on_run synth_1
launch_runs impl_1 -jobs 4
wait_on_run impl_1
launch_runs impl_1 -to_step write_bitstream -jobs 4
wait_on_run impl_1
